---
source: crates/ty_server/tests/e2e/tsp.rs
expression: optional_var_result
---
{
  "aliasName": null,
  "category": 3,
  "categoryFlags": 0,
  "flags": 1,
  "handle": "type_tuple",
  "name": "tuple"
}
