---
source: crates/ty_server/tests/e2e/tsp.rs
expression: whitespace_result
---
{
  "aliasName": null,
  "category": 0,
  "categoryFlags": 0,
  "flags": 8,
  "handle": "type_int",
  "name": "int"
}
