---
source: crates/ty_server/tests/e2e/tsp/get_type.rs
expression: normalize_for_snapshot(optional_var_result)
---
{
  "aliasName": null,
  "category": 3,
  "categoryFlags": 0,
  "flags": 1,
  "handle": "test_handle_tuple",
  "name": "tuple"
}
