---
source: crates/ty_server/tests/e2e/tsp/get_type.rs
expression: normalize_for_snapshot(dict_method_result)
---
{
  "aliasName": null,
  "category": 3,
  "categoryFlags": 0,
  "flags": 1,
  "handle": "test_handle_tuple",
  "moduleName": {
    "leadingDots": 0,
    "nameParts": [
      "_collections_abc"
    ]
  },
  "name": "tuple"
}
